// Jest Snapshot v1, https://goo.gl/fbAQLP

exports[`PeopleDisinfectionPage peopleDisinfectionPage.content should render expected response and content 1`] = `
"
  <div class="govuk-grid-row">
    <div class="govuk-grid-column-two-thirds">
      <h1 class="govuk-heading-l">Cleaning and disinfection measures taken by staff</h1>
    </div>
  </div>
  <div class="govuk-grid-row">
    <div class="govuk-grid-column-two-thirds">
      <p>
        To prevent the spread of TB to the incoming cattle from any resident
        cattle, staff should have cleaning and disinfection measures in place.
      </p>

      <p>This can include:</p>
      <ul class="govuk-list govuk-list--bullet">
        <li>dedicated clothing and personal protective equipment (PPE)</li>
        <li>cleaning and disinfecting wellington boots, including foot dips</li>
        <li>
          cleaning and disinfection measures when contractors arrive and leave
        </li>
        <li>dedicated staff looking after the incoming cattle</li>
      </ul>
    </div>
  </div>
    <form method="POST" novalidate="">
      <div class="govuk-grid-row">
        <div class="govuk-grid-column-two-thirds">
          <input type="hidden" name="crumb" value="csrf-value">
          <input type="hidden" name="nextPage" value="">

<fieldset class="govuk-fieldset">
  <div class="govuk-form-group">
  <label class="govuk-label govuk-label--m" for="peopleDisinfection">
    What measures are staff taking to reduce the risk of spreading TB from the resident cattle?
  </label>
  <textarea class="govuk-textarea" id="peopleDisinfection" name="peopleDisinfection" rows="8"></textarea>
</div>


</fieldset>
            <button type="submit" class="govuk-button" data-module="govuk-button" id="continue-button">
  Continue
</button>
        </div>
      </div>
    </form>
        "
`;
