// Jest Snapshot v1, https://goo.gl/fbAQLP

exports[`DisinfectantPage content should render expected response and content 1`] = `
"
  <div class="govuk-grid-row">
    <div class="govuk-grid-column-two-thirds">
      <h1 class="govuk-heading-l">Disinfectant</h1>
    </div>
  </div>
  <div class="govuk-grid-row">
    <div class="govuk-grid-column-two-thirds">
      <p>You must use a Defra-approved disinfectant for TB.</p>
      <details class="govuk-details">
  <summary class="govuk-details__summary">
    <span class="govuk-details__summary-text">
      View approved disinfectants
    </span>
  </summary>
  <div class="govuk-details__text">
    <ul class="govuk-body govuk-list--bullet">
                  <li>Agrichlor</li>
                  <li>Anigene NaDCC</li>
                  <li>Anigene Professional Chlorine Tablets</li>
                  <li>Aquatabs 8.68g</li>
                  <li>Bi-OO-Cyst</li>
                  <li>Bimodex</li>
                  <li>BioChlor 200</li>
                  <li>BioChlor 500</li>
                  <li>Biocid 30</li>
                  <li>BioPhen Xtra</li>
                  <li>BIOSPOT</li>
                  <li>Coxicur</li>
                  <li>Credence 1000</li>
                  <li>Dis-In-Fect</li>
                  <li>FAM 30</li>
                  <li>High Power Sanitising Tablets 3.25g</li>
                  <li>Interkokask</li>
                  <li>Interkokask Concentrate</li>
                  <li>Iodo-Pharm</li>
                  <li>Mida CHRIOX F2</li>
                  <li>Mira 30</li>
                  <li>MS MEGADES OXY D</li>
                  <li>NEOGEN Farm Fluid MAX</li>
                  <li>Novagen F.P.</li>
                  <li>OmniChlor Plus</li>
                  <li>Prophyl S</li>
                  <li>Rapicid</li>
                  <li>Septrivet 17</li>
                  <li>Septrivet 87 8.68g</li>
                  <li>Stable Safe Strength 4.72g Tablets</li>
                  <li>Tibicur</li>
                  <li>Total Farm Disinfectant</li>
                  <li>V18</li>
                  <li>Virkon® LSP</li>
                  <li>Virochlor 500</li>
                  <li>Virophor 2.8%</li>
                  <li>Virudine Plus</li>
                </ul>
  </div>
</details>

    </div>
  </div>
    <form method="POST" novalidate="">
      <div class="govuk-grid-row">
        <div class="govuk-grid-column-two-thirds">
          <input type="hidden" name="crumb" value="csrf-value">
          <input type="hidden" name="nextPage" value="">
<fieldset class="govuk-fieldset">
  <div class="autocomplete-wrapper">
    <div class="govuk-form-group">
  <label class="govuk-label govuk-label--m" for="disinfectant">
    What disinfectant are you using?
  </label>
  <select class="govuk-select autocomplete" id="disinfectant" name="disinfectant">
    <option value="Agrichlor">Agrichlor</option>
    <option value="Anigene NaDCC">Anigene NaDCC</option>
    <option value="Anigene Professional Chlorine Tablets">Anigene Professional Chlorine Tablets</option>
    <option value="Aquatabs 8.68g">Aquatabs 8.68g</option>
    <option value="Bi-OO-Cyst">Bi-OO-Cyst</option>
    <option value="Bimodex">Bimodex</option>
    <option value="BioChlor 200">BioChlor 200</option>
    <option value="BioChlor 500">BioChlor 500</option>
    <option value="Biocid 30">Biocid 30</option>
    <option value="BioPhen Xtra">BioPhen Xtra</option>
    <option value="BIOSPOT">BIOSPOT</option>
    <option value="Coxicur">Coxicur</option>
    <option value="Credence 1000">Credence 1000</option>
    <option value="Dis-In-Fect">Dis-In-Fect</option>
    <option value="FAM 30">FAM 30</option>
    <option value="High Power Sanitising Tablets 3.25g">High Power Sanitising Tablets 3.25g</option>
    <option value="Interkokask">Interkokask</option>
    <option value="Interkokask Concentrate">Interkokask Concentrate</option>
    <option value="Iodo-Pharm">Iodo-Pharm</option>
    <option value="Mida CHRIOX F2">Mida CHRIOX F2</option>
    <option value="Mira 30">Mira 30</option>
    <option value="MS MEGADES OXY D">MS MEGADES OXY D</option>
    <option value="NEOGEN Farm Fluid MAX">NEOGEN Farm Fluid MAX</option>
    <option value="Novagen F.P.">Novagen F.P.</option>
    <option value="OmniChlor Plus">OmniChlor Plus</option>
    <option value="Prophyl S">Prophyl S</option>
    <option value="Rapicid">Rapicid</option>
    <option value="Septrivet 17">Septrivet 17</option>
    <option value="Septrivet 87 8.68g">Septrivet 87 8.68g</option>
    <option value="Stable Safe Strength 4.72g Tablets">Stable Safe Strength 4.72g Tablets</option>
    <option value="Tibicur">Tibicur</option>
    <option value="Total Farm Disinfectant">Total Farm Disinfectant</option>
    <option value="V18">V18</option>
    <option value="Virkon® LSP">Virkon® LSP</option>
    <option value="Virochlor 500">Virochlor 500</option>
    <option value="Virophor 2.8%">Virophor 2.8%</option>
    <option value="Virudine Plus">Virudine Plus</option>
  </select>
</div>

  </div>

</fieldset>
            <button type="submit" class="govuk-button" data-module="govuk-button" id="continue-button">
  Continue
</button>
        </div>
      </div>
    </form>
        "
`;
