// Jest Snapshot v1, https://goo.gl/fbAQLP

exports[`LatitudeAndLongitudePage content should render expected response and content 1`] = `
"
  <div class="govuk-grid-row">
    <div class="govuk-grid-column-two-thirds">
      <h1 class="govuk-heading-l">Location details</h1>
    </div>
  </div>
  <div class="govuk-grid-row">
    <div class="govuk-grid-column-two-thirds">
      <p>
        You can find latitude and longitude measurements on Google maps. Search
        for the location then right click on the area for these details.
      </p>
    </div>
  </div>
    <form method="POST" novalidate="">
      <div class="govuk-grid-row">
        <div class="govuk-grid-column-two-thirds">
          <input type="hidden" name="crumb" value="csrf-value">
          <input type="hidden" name="nextPage" value="">

<fieldset class="govuk-fieldset">
  <div class="govuk-form-group">
  <label class="govuk-label govuk-label--m" for="latitudeAndLongitude">
    What are the latitude and longitude measurements for the location of the visit?
  </label>
  <input class="govuk-input govuk-input--width-20" id="latitudeAndLongitude" name="latitudeAndLongitude" type="text" spellcheck="false">
</div>


</fieldset>
            <button type="submit" data-prevent-double-click="true" class="govuk-button" data-module="govuk-button" id="continue-button">
  Continue
</button>
        </div>
      </div>
    </form>
        "
`;
