// Jest Snapshot v1, https://goo.gl/fbAQLP

exports[`MovementActivityTypePage content should render expected response and content 1`] = `
"
    <form method="POST" novalidate="">
      <div class="govuk-grid-row">
        <div class="govuk-grid-column-two-thirds">
          <input type="hidden" name="crumb" value="csrf-value">
          <input type="hidden" name="nextPage" value="">

<div class="govuk-form-group">
  <fieldset class="govuk-fieldset">
  <legend class="govuk-fieldset__legend govuk-fieldset__legend--l">
    <h1 class="govuk-fieldset__heading">
      Which type of movement or activity does your application relate to?
    </h1>
  </legend>
  <div class="govuk-radios" data-module="govuk-radios">
    <div class="govuk-radios__item">
      <input class="govuk-radios__input" id="movementActivityType" name="movementActivityType" type="radio" value="on-to-farm">
      <label class="govuk-label govuk-radios__label" for="movementActivityType">
        Movement on to a farm or premises
      </label>
    </div>
    <div class="govuk-radios__item">
      <input class="govuk-radios__input" id="off-of-farm" name="movementActivityType" type="radio" value="off-of-farm" aria-describedby="off-of-farm-item-hint">
      <label class="govuk-label govuk-radios__label" for="off-of-farm">
        Movement off a farm or premises
      </label>
      <div id="off-of-farm-item-hint" class="govuk-hint govuk-radios__hint">
        Including moving or collecting milk
      </div>
    </div>
    <div class="govuk-radios__item">
      <input class="govuk-radios__input" id="slaughter-onsite" name="movementActivityType" type="radio" value="slaughter-onsite" aria-describedby="slaughter-onsite-item-hint">
      <label class="govuk-label govuk-radios__label" for="slaughter-onsite">
        Slaughter of animals onsite
      </label>
      <div id="slaughter-onsite-item-hint" class="govuk-hint govuk-radios__hint">
        Including bringing a Slaughterman or Knackerman onsite
      </div>
    </div>
  </div>
</fieldset>
</div>

            <button type="submit" data-prevent-double-click="true" class="govuk-button" data-module="govuk-button" id="continue-button">
  Continue
</button>
        </div>
      </div>
    </form>
        "
`;
