// Jest Snapshot v1, https://goo.gl/fbAQLP

exports[`CphNeededPage content should render expected response and content 1`] = `
"
  <div class="govuk-grid-row">
    <div class="govuk-grid-column-two-thirds">
      <h1 class="govuk-heading-l">You need the destination's CPH number to continue your application</h1>
      <div class="govuk-body" data-testid="app-page-body">
        <p>Contact the destination to get their CPH number.</p>
      </div>
    </div>
  </div>
    <form method="POST" novalidate="">
      <div class="govuk-grid-row">
        <div class="govuk-grid-column-two-thirds">
          <input type="hidden" name="crumb" value="csrf-value">
          <input type="hidden" name="nextPage" value="">
            <button type="submit" data-prevent-double-click="true" class="govuk-button govuk-button--secondary" data-module="govuk-button" id="continue-button">
  Continue
</button>
        </div>
      </div>
    </form>
        "
`;
