// Jest Snapshot v1, https://goo.gl/fbAQLP

exports[`DisinfectantDilutionPage disinfectantDilutionPage.content should render expected response and content 1`] = `
"
  <div class="govuk-grid-row">
    <div class="govuk-grid-column-two-thirds">
      <h1 class="govuk-heading-l">Calculate your disinfectant dilution rate</h1>
    </div>
  </div>
  <div class="govuk-grid-row">
    <div class="govuk-grid-column-two-thirds">
      <p>
        Dilution rate is the amount of water you add to the disinfectant
        compared to the amount of disinfectant.
      </p>
      <p>
        For example, if you use 1 litre of disinfectant with 15 litres of water,
        the rate is 15.
      </p>
      <p>
        You can find the dilution rate on the
        <a href="http://disinfectants.defra.gov.uk/DisinfectantsExternal/Default.aspx?Module=ApprovalsList_SI" target="_blank">
          disinfectants approved for use in England, Scotland and Wales GOV.UK
          page</a>
        (opens in a new tab). Your disinfectant must be approved for
        Tuberculosis Orders.
      </p>
      <p>
        For non-liquid disinfectants, the number of millilitres to one gram of
        disinfectant is shown on the table with an Asterisk.
      </p>
    </div>
  </div>
    <form method="POST" novalidate="">
      <div class="govuk-grid-row">
        <div class="govuk-grid-column-two-thirds">
          <input type="hidden" name="crumb" value="csrf-value">
          <input type="hidden" name="nextPage" value="">

<fieldset class="govuk-fieldset">
  <div class="govuk-form-group">
  <label class="govuk-label govuk-label--m" for="dilutionRate">
    What dilution rate are you using for your disinfectant?
  </label>
  <div id="dilutionRate-hint" class="govuk-hint">
    For example, 15
  </div>
  <input class="govuk-input govuk-input--width-2" id="dilutionRate" name="dilutionRate" type="text" aria-describedby="dilutionRate-hint" autocomplete="dilutionRate">
</div>


</fieldset>
            <button type="submit" class="govuk-button" data-module="govuk-button" id="continue-button">
  Continue
</button>
        </div>
      </div>
    </form>
        "
`;
