// Jest Snapshot v1, https://goo.gl/fbAQLP

exports[`EarTagsOver42DaysOldPage EarTagsOver42DaysOldPage.content should render expected response and content 1`] = `
"
  <div class="govuk-grid-row">
    <div class="govuk-grid-column-two-thirds">
      <h1 class="govuk-heading-l">Official ear tag numbers for animals 42 days old or older</h1>
    </div>
  </div>
  <div class="govuk-grid-row">
    <div class="govuk-grid-column-two-thirds">
      <p>
        You need to identify the animals using the official ear tags bought from
        an approved supplier.
      </p>
      <p>
        The ear tag must include the country code, herd number and six-digit
        official ear tag number. For example, UK12345678910.
      </p>
    </div>
  </div>
    <form method="POST" novalidate="">
      <div class="govuk-grid-row">
        <div class="govuk-grid-column-two-thirds">
          <input type="hidden" name="crumb" value="csrf-value">
          <input type="hidden" name="nextPage" value="">

<fieldset class="govuk-fieldset">
  <div class="govuk-form-group">
  <label class="govuk-label govuk-label--m" for="earTags">
    Enter the ear tag numbers for these animals
  </label>
  <div id="earTags-hint" class="govuk-hint">
    You need to enter each ear tag number on a separate line
  </div>
  <textarea class="govuk-textarea" id="earTags" name="earTags" rows="15" aria-describedby="earTags-hint"></textarea>
</div>


</fieldset>
            <button type="submit" class="govuk-button" data-module="govuk-button" id="continue-button">
  Continue
</button>
        </div>
      </div>
    </form>
        "
`;
