// Jest Snapshot v1, https://goo.gl/fbAQLP

exports[`#LocationOfVisitExitPage LocationOfVisitExitPage.content should render expected response and content 1`] = `
"
  <div class="govuk-grid-row">
    <div class="govuk-grid-column-two-thirds">
      <h1 class="govuk-heading-l">
        You need a CPH number to continue your application
      </h1>
      <div class="govuk-body" data-testid="app-page-body">
        <p>
          You can
          <a href="https://www.gov.uk/guidance/apply-for-a-county-parish-holding-cph-number" target="_blank">apply for a CPH number on GOV.UK (opens in new tab)</a>
        </p>
      </div>
    </div>
  </div>
        "
`;
