// Jest Snapshot v1, https://goo.gl/fbAQLP

exports[`GrazingFieldHowSeparatedPage grazingFieldHowSeparatedPage.content should render expected response and content 1`] = `
"
  <h1 class="govuk-heading-l">Separating the incoming animals</h1>
  <div class="govuk-grid-row">
    <div class="govuk-grid-column-two-thirds">
      <p>
        We need to know what measures are in place to reduce the risk of
        spreading TB to the incoming animals from the resident herd.
      </p>
      <p>You should include:</p>
      <ul class="govuk-list govuk-list--bullet">
        <li>
          minimum distances between incoming animals and the resident herd
        </li>
        <li>the types of fencing you use</li>
        <li>how grazing fields are kept separate</li>
      </ul>
    </div>
  </div>
    <form method="POST" novalidate="">
      <div class="govuk-grid-row">
        <div class="govuk-grid-column-two-thirds">
          <input type="hidden" name="crumb" value="csrf-value">
          <input type="hidden" name="nextPage" value="">

<fieldset class="govuk-fieldset">
  <div class="govuk-form-group">
  <label class="govuk-label govuk-label--m" for="grazingFieldHowSeparated">
    How will you separate the incoming animals from the resident herd?
  </label>
  <textarea class="govuk-textarea" id="grazingFieldHowSeparated" name="grazingFieldHowSeparated" rows="8"></textarea>
</div>


</fieldset>
            <button type="submit" class="govuk-button" data-module="govuk-button" id="continue-button">
  Continue
</button>
        </div>
      </div>
    </form>
        "
`;
