// Jest Snapshot v1, https://goo.gl/fbAQLP

exports[`GrazingFieldHowSeparatedPage grazingFieldHowSeparatedPage.content should render expected response and content 1`] = `
"
    <form method="POST" novalidate="">
      <div class="govuk-grid-row">
        <div class="govuk-grid-column-two-thirds">
          <input type="hidden" name="crumb" value="csrf-value">
          <input type="hidden" name="nextPage" value="">

<div class="govuk-form-group">
  <fieldset class="govuk-fieldset" aria-describedby="grazingFieldHowSeparated-hint">
  <legend class="govuk-fieldset__legend govuk-fieldset__legend--l">
    <h1 class="govuk-fieldset__heading">
      Which measures are being taken to reduce the spread of TB when the animals are grazing?
    </h1>
  </legend>
  <div id="grazingFieldHowSeparated-hint" class="govuk-hint">
    Only select the measures you are taking. You do not need to select them all to receive your licence.
  </div>
  <div class="govuk-checkboxes" data-module="govuk-checkboxes">
    <div class="govuk-checkboxes__item">
      <input class="govuk-checkboxes__input" id="grazingFieldHowSeparated" name="grazingFieldHowSeparated" type="checkbox" value="separated-by-roads" data-testid="separated-by-roads-checkbox">
      <label class="govuk-label govuk-checkboxes__label" for="grazingFieldHowSeparated">
        Roads create a boundary between the animals
      </label>
    </div>
    <div class="govuk-checkboxes__item">
      <input class="govuk-checkboxes__input" id="grazingFieldHowSeparated-2" name="grazingFieldHowSeparated" type="checkbox" value="separated-by-three-meters" aria-describedby="grazingFieldHowSeparated-2-item-hint" data-testid="separated-by-three-meters-checkbox">
      <label class="govuk-label govuk-checkboxes__label" for="grazingFieldHowSeparated-2">
        A minimum of 3 metres will separate the animals
      </label>
      <div id="grazingFieldHowSeparated-2-item-hint" class="govuk-hint govuk-checkboxes__hint">
        Such as by hedges, doubling fencing or walls
      </div>
    </div>
    <div class="govuk-checkboxes__item">
      <input class="govuk-checkboxes__input" id="grazingFieldHowSeparated-3" name="grazingFieldHowSeparated" type="checkbox" value="other" data-testid="other-checkbox">
      <label class="govuk-label govuk-checkboxes__label" for="grazingFieldHowSeparated-3">
        Other separation measures
      </label>
    </div>
  </div>
</fieldset>
</div>

            <button type="submit" data-prevent-double-click="true" class="govuk-button" data-module="govuk-button" id="continue-button">
  Continue
</button>
        </div>
      </div>
    </form>
        "
`;
