// Jest Snapshot v1, https://goo.gl/fbAQLP

exports[`DriverNamePage content should render expected response and content 1`] = `
"
    <form method="POST" novalidate="">
      <div class="govuk-grid-row">
        <div class="govuk-grid-column-two-thirds">
          <input type="hidden" name="crumb" value="csrf-value">
          <input type="hidden" name="nextPage" value="">

<fieldset class="govuk-fieldset">
  <legend class="govuk-fieldset__legend govuk-fieldset__legend--l">
    <h1 class="govuk-fieldset__heading">
      What is the vehicle driver's name?
    </h1>
  </legend>
  <div class="govuk-form-group">
  <label class="govuk-label" for="firstName">
    First name
  </label>
  <input class="govuk-input govuk-input--width-20" id="firstName" name="firstName" type="text">
</div>

  <div class="govuk-form-group">
  <label class="govuk-label" for="lastName">
    Last name
  </label>
  <input class="govuk-input govuk-input--width-20" id="lastName" name="lastName" type="text">
</div>


</fieldset>
            <button type="submit" data-prevent-double-click="true" class="govuk-button" data-module="govuk-button" id="continue-button">
  Continue
</button>
        </div>
      </div>
    </form>
        "
`;
