// Jest Snapshot v1, https://goo.gl/fbAQLP

exports[`WhatIsMovingPage content should render expected response and content 1`] = `
"
    <form method="POST" novalidate="">
      <div class="govuk-grid-row">
        <div class="govuk-grid-column-two-thirds">
          <input type="hidden" name="crumb" value="csrf-value">
          <input type="hidden" name="nextPage" value="">

<div class="govuk-form-group">
  <fieldset class="govuk-fieldset">
  <legend class="govuk-fieldset__legend govuk-fieldset__legend--l">
    <h1 class="govuk-fieldset__heading">
      What are you moving?
    </h1>
  </legend>
  <div class="govuk-radios" data-module="govuk-radios">
    <div class="govuk-radios__item">
      <input class="govuk-radios__input" id="whatIsMoving" name="whatIsMoving" type="radio" value="live-animals">
      <label class="govuk-label govuk-radios__label" for="whatIsMoving">
        Live animals
      </label>
    </div>
    <div class="govuk-radios__item">
      <input class="govuk-radios__input" id="carcasses" name="whatIsMoving" type="radio" value="carcasses">
      <label class="govuk-label govuk-radios__label" for="carcasses">
        Carcasses
      </label>
    </div>
    <div class="govuk-radios__item">
      <input class="govuk-radios__input" id="animal-by-products-and-waste" name="whatIsMoving" type="radio" value="animal-by-products-and-waste">
      <label class="govuk-label govuk-radios__label" for="animal-by-products-and-waste">
        Animal by-products and waste materials
      </label>
    </div>
    <div class="govuk-radios__item">
      <input class="govuk-radios__input" id="equipment" name="whatIsMoving" type="radio" value="equipment">
      <label class="govuk-label govuk-radios__label" for="equipment">
        Machinery and equipment
      </label>
    </div>
    <div class="govuk-radios__item">
      <input class="govuk-radios__input" id="bedding-and-feed" name="whatIsMoving" type="radio" value="bedding-and-feed">
      <label class="govuk-label govuk-radios__label" for="bedding-and-feed">
        Livestock bedding and feed
      </label>
    </div>
    <div class="govuk-radios__item">
      <input class="govuk-radios__input" id="other" name="whatIsMoving" type="radio" value="other">
      <label class="govuk-label govuk-radios__label" for="other">
        Something else
      </label>
    </div>
  </div>
</fieldset>
</div>

            <button type="submit" data-prevent-double-click="true" class="govuk-button" data-module="govuk-button" id="continue-button">
  Continue
</button>
        </div>
      </div>
    </form>
        "
`;
