// Jest Snapshot v1, https://goo.gl/fbAQLP

exports[`DisinfectantPage disinfectantPage.content should render expected response and content 1`] = `
"
  <div class="govuk-grid-row">
    <div class="govuk-grid-column-two-thirds">
      <h1 class="govuk-heading-l">Disinfectant</h1>
      <p>
        You must
        <a target="_blank" href="http://disinfectants.defra.gov.uk/DisinfectantsExternal/Default.aspx?Module=ApprovalsList_SI">
          use a disinfectant approved for Tuberculosis Orders</a>
        (opens in a new tab).
      </p>
    </div>
  </div>
    <form method="POST" novalidate="">
      <div class="govuk-grid-row">
        <div class="govuk-grid-column-two-thirds">
          <input type="hidden" name="crumb" value="csrf-value">
          <input type="hidden" name="nextPage" value="">

<fieldset class="govuk-fieldset">
  <div class="govuk-form-group">
  <label class="govuk-label govuk-label--m" for="disinfectant">
    What disinfectant are you using?
  </label>
  <input class="govuk-input govuk-input--width-10" id="disinfectant" name="disinfectant" type="text" autocomplete="disinfectant">
</div>


</fieldset>
            <button type="submit" class="govuk-button" data-module="govuk-button" id="continue-button">
  Continue
</button>
        </div>
      </div>
    </form>
        "
`;
