// Jest Snapshot v1, https://goo.gl/fbAQLP

exports[`BuildingsHowMinimiseContaminationPage buildingsHowMinimiseContaminationPage.content should render expected response and content 1`] = `
"
  <div class="govuk-grid-row">
    <div class="govuk-grid-column-two-thirds">
      <h1 class="govuk-heading-l">Housing the incoming cattle</h1>
    </div>
  </div>
  <div class="govuk-grid-row">
    <div class="govuk-grid-column-two-thirds">
      <p>
        You should have measures in place to prevent the spread of TB when the
        incoming animals are housed or have access to shared buildings.
      </p>
      <p>You should include:</p>
      <ul class="govuk-list govuk-list--bullet">
        <li>
          how the incoming animals will be separated from the resident herd
        </li>
        <li>
          cleaning and disinfection measures for housing and shared buildings,
          including handling and milking facilities
        </li>
      </ul>
    </div>
  </div>
    <form method="POST" novalidate="">
      <div class="govuk-grid-row">
        <div class="govuk-grid-column-two-thirds">
          <input type="hidden" name="crumb" value="csrf-value">
          <input type="hidden" name="nextPage" value="">

<fieldset class="govuk-fieldset">
  <div class="govuk-form-group">
  <label class="govuk-label govuk-label--m" for="buildingsHowMinimiseContamination">
    How will you reduce the risk of spreading TB from the resident herd to the incoming animals during housing?
  </label>
  <textarea class="govuk-textarea" id="buildingsHowMinimiseContamination" name="buildingsHowMinimiseContamination" rows="8"></textarea>
</div>


</fieldset>
            <button type="submit" class="govuk-button" data-module="govuk-button" id="continue-button">
  Continue
</button>
        </div>
      </div>
    </form>
        "
`;
