// Jest Snapshot v1, https://goo.gl/fbAQLP

exports[`SlaughterOrKnackermanPage content should render expected response and content 1`] = `
"
    <form method="POST" novalidate="">
      <div class="govuk-grid-row">
        <div class="govuk-grid-column-two-thirds">
          <input type="hidden" name="crumb" value="csrf-value">
          <input type="hidden" name="nextPage" value="">

<div class="govuk-form-group">
  <fieldset class="govuk-fieldset">
  <legend class="govuk-fieldset__legend govuk-fieldset__legend--l">
    <h1 class="govuk-fieldset__heading">
      Will the slaughter be done by a Slaughterman or Knackerman?
    </h1>
  </legend>
  <div class="govuk-radios" data-module="govuk-radios">
    <div class="govuk-radios__item">
      <input class="govuk-radios__input" id="slaughterOrKnackerman" name="slaughterOrKnackerman" type="radio" value="knackerman">
      <label class="govuk-label govuk-radios__label" for="slaughterOrKnackerman">
        Knackerman
      </label>
    </div>
    <div class="govuk-radios__item">
      <input class="govuk-radios__input" id="slaughterman" name="slaughterOrKnackerman" type="radio" value="slaughterman">
      <label class="govuk-label govuk-radios__label" for="slaughterman">
        Slaughterman
      </label>
    </div>
  </div>
</fieldset>
</div>

            <button type="submit" data-prevent-double-click="true" class="govuk-button" data-module="govuk-button" id="continue-button">
  Continue
</button>
        </div>
      </div>
    </form>
        "
`;
