// Jest Snapshot v1, https://goo.gl/fbAQLP

exports[`#CheckAnswers Should provide expected response 1`] = `
"
  <div class="govuk-grid-row">
    <div class="govuk-grid-column-two-thirds">
      <h1 class="govuk-heading-l">Check your answers before sending your application</h1>
    </div>
  </div>
  <div class="govuk-grid-row">
    <div class="govuk-grid-column-two-thirds">
      <div class="govuk-body" data-testid="app-page-body">
          <h2 class="govuk-heading-m">Movement origin</h2>
          
  <dl class="govuk-summary-list govuk-!-margin-bottom-9">
  <div class="govuk-summary-list__row">
    <dt class="govuk-summary-list__key govuk-!-width-one-half govuk-!-font-weight-regular">
      Are you moving the animals on or off your farm or premises?
    </dt>
    <dd class="govuk-summary-list__value">
      On to the farm or premises
    </dd>
    <dd class="govuk-summary-list__actions">
      <a class="govuk-link" href="/origin/to-or-from-own-premises?redirect_uri=/submit/check-answers" data-testid="onOffFarm-change-link">Change<span class="govuk-visually-hidden"> Are you moving the animals on or off your farm or premises?</span></a>
    </dd>
  </div>
  <div class="govuk-summary-list__row">
    <dt class="govuk-summary-list__key govuk-!-width-one-half govuk-!-font-weight-regular">
      What type of premises are the animals moving off?
    </dt>
    <dd class="govuk-summary-list__value">
      Market
    </dd>
    <dd class="govuk-summary-list__actions">
      <a class="govuk-link" href="/origin/type-of-origin?redirect_uri=/submit/check-answers" data-testid="originType-change-link">Change<span class="govuk-visually-hidden"> What type of premises are the animals moving off?</span></a>
    </dd>
  </div>
</dl>

          <h2 class="govuk-heading-m">Movement destination</h2>
          
  <dl class="govuk-summary-list govuk-!-margin-bottom-9">
  <div class="govuk-summary-list__row">
    <dt class="govuk-summary-list__key govuk-!-width-one-half govuk-!-font-weight-regular">
      Where are the animals going to?
    </dt>
    <dd class="govuk-summary-list__value">
      TB restricted farm
    </dd>
    <dd class="govuk-summary-list__actions">
      <a class="govuk-link" href="/destination/type-of-destination?redirect_uri=/submit/check-answers" data-testid="destinationType-change-link">Change<span class="govuk-visually-hidden"> Where are the animals going to?</span></a>
    </dd>
  </div>
  <div class="govuk-summary-list__row">
    <dt class="govuk-summary-list__key govuk-!-width-one-half govuk-!-font-weight-regular">
      What is the County Parish Holding (CPH) number of the farm or premises where the animals are going to?
    </dt>
    <dd class="govuk-summary-list__value">
      12/345/6789
    </dd>
    <dd class="govuk-summary-list__actions">
      <a class="govuk-link" href="/destination/destination-farm-cph?redirect_uri=/submit/check-answers" data-testid="destinationFarmCph-change-link">Change<span class="govuk-visually-hidden"> What is the County Parish Holding (CPH) number of the farm or premises where the animals are going to?</span></a>
    </dd>
  </div>
  <div class="govuk-summary-list__row">
    <dt class="govuk-summary-list__key govuk-!-width-one-half govuk-!-font-weight-regular">
      What is the address of the farm or premises where the animals are going to?
    </dt>
    <dd class="govuk-summary-list__value">
      Starfleet Headquarters<br>San Francisco<br>RG24 8RR
    </dd>
    <dd class="govuk-summary-list__actions">
      <a class="govuk-link" href="/destination/destination-farm-address?redirect_uri=/submit/check-answers" data-testid="destinationFarmAddress-change-link">Change<span class="govuk-visually-hidden"> What is the address of the farm or premises where the animals are going to?</span></a>
    </dd>
  </div>
  <div class="govuk-summary-list__row">
    <dt class="govuk-summary-list__key govuk-!-width-one-half govuk-!-font-weight-regular">
      Enter the maximum number of animals you are planning to move
    </dt>
    <dd class="govuk-summary-list__value">
      1
    </dd>
    <dd class="govuk-summary-list__actions">
      <a class="govuk-link" href="/destination/how-many-animals?redirect_uri=/submit/check-answers" data-testid="maxNumberOfAnimals-change-link">Change<span class="govuk-visually-hidden"> Enter the maximum number of animals you are planning to move</span></a>
    </dd>
  </div>
  <div class="govuk-summary-list__row">
    <dt class="govuk-summary-list__key govuk-!-width-one-half govuk-!-font-weight-regular">
      What is the reason for the movement?
    </dt>
    <dd class="govuk-summary-list__value">
      Routine restocking
    </dd>
    <dd class="govuk-summary-list__actions">
      <a class="govuk-link" href="/destination/reason-for-movement?redirect_uri=/submit/check-answers" data-testid="reasonForMovement-change-link">Change<span class="govuk-visually-hidden"> What is the reason for the movement?</span></a>
    </dd>
  </div>
  <div class="govuk-summary-list__row">
    <dt class="govuk-summary-list__key govuk-!-width-one-half govuk-!-font-weight-regular">
      Will you move more than 75 animals?
    </dt>
    <dd class="govuk-summary-list__value">
      No
    </dd>
    <dd class="govuk-summary-list__actions">
      <a class="govuk-link" href="/destination/quantity-options?redirect_uri=/submit/check-answers" data-testid="movingMoreThan75Animals-change-link">Change<span class="govuk-visually-hidden"> Will you move more than 75 animals?</span></a>
    </dd>
  </div>
  <div class="govuk-summary-list__row">
    <dt class="govuk-summary-list__key govuk-!-width-one-half govuk-!-font-weight-regular">
      Will the number of cattle be larger than half of the destination herd size?
    </dt>
    <dd class="govuk-summary-list__value">
      Yes
    </dd>
    <dd class="govuk-summary-list__actions">
      <a class="govuk-link" href="/destination/quantity-half-herd?redirect_uri=/submit/check-answers" data-testid="movingMoreThanHalfExistingHerd-change-link">Change<span class="govuk-visually-hidden"> Will the number of cattle be larger than half of the destination herd size?</span></a>
    </dd>
  </div>
</dl>

          <h2 class="govuk-heading-m">Receiving the licence</h2>
          
  <dl class="govuk-summary-list govuk-!-margin-bottom-9">
  <div class="govuk-summary-list__row">
    <dt class="govuk-summary-list__key govuk-!-width-one-half govuk-!-font-weight-regular">
      Who will be the registered owner of the cattle?
    </dt>
    <dd class="govuk-summary-list__value">
      Kathryn Janeway
    </dd>
    <dd class="govuk-summary-list__actions">
      <a class="govuk-link" href="/receiving-the-licence/licence-name-future?redirect_uri=/submit/check-answers" data-testid="fullName-change-link">Change<span class="govuk-visually-hidden"> Who will be the registered owner of the cattle?</span></a>
    </dd>
  </div>
  <div class="govuk-summary-list__row">
    <dt class="govuk-summary-list__key govuk-!-width-one-half govuk-!-font-weight-regular">
      How would you like this licence sent to you?
    </dt>
    <dd class="govuk-summary-list__value">
      Email
    </dd>
    <dd class="govuk-summary-list__actions">
      <a class="govuk-link" href="/receiving-the-licence/licence-email-or-post?redirect_uri=/submit/check-answers" data-testid="receiveMethod-change-link">Change<span class="govuk-visually-hidden"> How would you like this licence sent to you?</span></a>
    </dd>
  </div>
  <div class="govuk-summary-list__row">
    <dt class="govuk-summary-list__key govuk-!-width-one-half govuk-!-font-weight-regular">
      What email address would you like the licence sent to?
    </dt>
    <dd class="govuk-summary-list__value">
      kathryn@starfleet.com
    </dd>
    <dd class="govuk-summary-list__actions">
      <a class="govuk-link" href="/receiving-the-licence/licence-enter-email-address?redirect_uri=/submit/check-answers" data-testid="emailAddress-change-link">Change<span class="govuk-visually-hidden"> What email address would you like the licence sent to?</span></a>
    </dd>
  </div>
</dl>

          <h2 class="govuk-heading-m">Biosecurity details</h2>
          
  <dl class="govuk-summary-list govuk-!-margin-bottom-9">
  <div class="govuk-summary-list__row">
    <dt class="govuk-summary-list__key govuk-!-width-one-half govuk-!-font-weight-regular">
      Will you separate the incoming cattle from the resident herd?
    </dt>
    <dd class="govuk-summary-list__value">
      Yes
    </dd>
    <dd class="govuk-summary-list__actions">
      <a class="govuk-link" href="/biosecurity/kept-separately?redirect_uri=/submit/check-answers" data-testid="keptSeparately-change-link">Change<span class="govuk-visually-hidden"> Will you separate the incoming cattle from the resident herd?</span></a>
    </dd>
  </div>
  <div class="govuk-summary-list__row">
    <dt class="govuk-summary-list__key govuk-!-width-one-half govuk-!-font-weight-regular">
      Will the incoming cattle be grazed?
    </dt>
    <dd class="govuk-summary-list__value">
      Yes
    </dd>
    <dd class="govuk-summary-list__actions">
      <a class="govuk-link" href="/biosecurity/grazing?redirect_uri=/submit/check-answers" data-testid="grazing-change-link">Change<span class="govuk-visually-hidden"> Will the incoming cattle be grazed?</span></a>
    </dd>
  </div>
  <div class="govuk-summary-list__row">
    <dt class="govuk-summary-list__key govuk-!-width-one-half govuk-!-font-weight-regular">
      How will you separate the incoming cattle from the resident herd?
    </dt>
    <dd class="govuk-summary-list__value">
      some details
    </dd>
    <dd class="govuk-summary-list__actions">
      <a class="govuk-link" href="/biosecurity/grazing-field-how-separated?redirect_uri=/submit/check-answers" data-testid="grazingFieldHowSeparated-change-link">Change<span class="govuk-visually-hidden"> How will you separate the incoming cattle from the resident herd?</span></a>
    </dd>
  </div>
  <div class="govuk-summary-list__row">
    <dt class="govuk-summary-list__key govuk-!-width-one-half govuk-!-font-weight-regular">
      How long ago was the field last grazed by cattle?
    </dt>
    <dd class="govuk-summary-list__value">
      yesterday
    </dd>
    <dd class="govuk-summary-list__actions">
      <a class="govuk-link" href="/biosecurity/last-grazed?redirect_uri=/submit/check-answers" data-testid="lastGrazed-change-link">Change<span class="govuk-visually-hidden"> How long ago was the field last grazed by cattle?</span></a>
    </dd>
  </div>
  <div class="govuk-summary-list__row">
    <dt class="govuk-summary-list__key govuk-!-width-one-half govuk-!-font-weight-regular">
      Has any manure or slurry been put on the grazing field in the past 60 days?
    </dt>
    <dd class="govuk-summary-list__value">
      Yes
    </dd>
    <dd class="govuk-summary-list__actions">
      <a class="govuk-link" href="/biosecurity/manure-and-slurry?redirect_uri=/submit/check-answers" data-testid="manureAndSlurry-change-link">Change<span class="govuk-visually-hidden"> Has any manure or slurry been put on the grazing field in the past 60 days?</span></a>
    </dd>
  </div>
  <div class="govuk-summary-list__row">
    <dt class="govuk-summary-list__key govuk-!-width-one-half govuk-!-font-weight-regular">
      How will you manage manure and slurry?
    </dt>
    <dd class="govuk-summary-list__value">
      some manure details
    </dd>
    <dd class="govuk-summary-list__actions">
      <a class="govuk-link" href="/biosecurity/manure-and-slurry-details?redirect_uri=/submit/check-answers" data-testid="manureAndSlurryDetails-change-link">Change<span class="govuk-visually-hidden"> How will you manage manure and slurry?</span></a>
    </dd>
  </div>
  <div class="govuk-summary-list__row">
    <dt class="govuk-summary-list__key govuk-!-width-one-half govuk-!-font-weight-regular">
      Will the incoming cattle be housed?
    </dt>
    <dd class="govuk-summary-list__value">
      Yes
    </dd>
    <dd class="govuk-summary-list__actions">
      <a class="govuk-link" href="/biosecurity/buildings-any-shared?redirect_uri=/submit/check-answers" data-testid="animalsHoused-change-link">Change<span class="govuk-visually-hidden"> Will the incoming cattle be housed?</span></a>
    </dd>
  </div>
  <div class="govuk-summary-list__row">
    <dt class="govuk-summary-list__key govuk-!-width-one-half govuk-!-font-weight-regular">
      How will you minimise the risk from buildings and equipment used for the incoming cattle and any other cattle?
    </dt>
    <dd class="govuk-summary-list__value">
      somehow
    </dd>
    <dd class="govuk-summary-list__actions">
      <a class="govuk-link" href="/biosecurity/buildings-how-minimise-contamination?redirect_uri=/submit/check-answers" data-testid="buildingsHowMinimiseContamination-change-link">Change<span class="govuk-visually-hidden"> How will you minimise the risk from buildings and equipment used for the incoming cattle and any other cattle?</span></a>
    </dd>
  </div>
  <div class="govuk-summary-list__row">
    <dt class="govuk-summary-list__key govuk-!-width-one-half govuk-!-font-weight-regular">
      What measures are staff taking to reduce the risk of spreading TB from the resident cattle?
    </dt>
    <dd class="govuk-summary-list__value">
      ppe
    </dd>
    <dd class="govuk-summary-list__actions">
      <a class="govuk-link" href="/biosecurity/people-disinfection?redirect_uri=/submit/check-answers" data-testid="peopleDisinfection-change-link">Change<span class="govuk-visually-hidden"> What measures are staff taking to reduce the risk of spreading TB from the resident cattle?</span></a>
    </dd>
  </div>
  <div class="govuk-summary-list__row">
    <dt class="govuk-summary-list__key govuk-!-width-one-half govuk-!-font-weight-regular">
      What disinfectant are you using?
    </dt>
    <dd class="govuk-summary-list__value">
      some disinfectant
    </dd>
    <dd class="govuk-summary-list__actions">
      <a class="govuk-link" href="/biosecurity/disinfectant?redirect_uri=/submit/check-answers" data-testid="disinfectant-change-link">Change<span class="govuk-visually-hidden"> What disinfectant are you using?</span></a>
    </dd>
  </div>
  <div class="govuk-summary-list__row">
    <dt class="govuk-summary-list__key govuk-!-width-one-half govuk-!-font-weight-regular">
      What dilution rate are you using for your disinfectant?
    </dt>
    <dd class="govuk-summary-list__value">
      15
    </dd>
    <dd class="govuk-summary-list__actions">
      <a class="govuk-link" href="/biosecurity/disinfectant-dilution?redirect_uri=/submit/check-answers" data-testid="dilutionRate-change-link">Change<span class="govuk-visually-hidden"> What dilution rate are you using for your disinfectant?</span></a>
    </dd>
  </div>
  <div class="govuk-summary-list__row">
    <dt class="govuk-summary-list__key govuk-!-width-one-half govuk-!-font-weight-regular">
      How will you reduce the risk of infection from badgers and wildlife?
    </dt>
    <dd class="govuk-summary-list__value">
      some text
    </dd>
    <dd class="govuk-summary-list__actions">
      <a class="govuk-link" href="/biosecurity/badgers?redirect_uri=/submit/check-answers" data-testid="badgers-change-link">Change<span class="govuk-visually-hidden"> How will you reduce the risk of infection from badgers and wildlife?</span></a>
    </dd>
  </div>
</dl>

          <h2 class="govuk-heading-m">Biosecurity map</h2>
          
  <dl class="govuk-summary-list govuk-!-margin-bottom-9">
  <div class="govuk-summary-list__row">
    <dt class="govuk-summary-list__key govuk-!-width-one-half govuk-!-font-weight-regular">
      Upload a biosecurity map
    </dt>
    <dd class="govuk-summary-list__value">
      Map uploaded
    </dd>
    <dd class="govuk-summary-list__actions">
      <a class="govuk-link" href="/biosecurity-map/upload-plan?redirect_uri=/submit/check-answers" data-testid="upload-plan-change-link">Change<span class="govuk-visually-hidden"> Upload a biosecurity map</span></a>
    </dd>
  </div>
</dl>

      </div>
    </div>
  </div>
  <h2 class="govuk-heading-m">Your declaration</h2>
    <form method="POST" novalidate="">
      <div class="govuk-grid-row">
        <div class="govuk-grid-column-two-thirds">
          <input type="hidden" name="crumb" value="csrf-value">
          <input type="hidden" name="nextPage" value="">

<div class="govuk-form-group">
  <fieldset class="govuk-fieldset">
    <legend class="govuk-fieldset__legend">
      Before you submit your application, you must select one of the declaration check boxes.
    </legend>
    <div class="govuk-checkboxes" data-module="govuk-checkboxes">
      <div class="govuk-checkboxes__item">
        <input class="govuk-checkboxes__input" id="confirmation" name="confirmation" type="checkbox" value="confirm" data-testid="confirm-checkbox">
        <label class="govuk-label govuk-checkboxes__label" for="confirmation">
          I confirm all the information given about my farm or premises is correct to the best of my knowledge
        </label>
      </div>
      <div class="govuk-checkboxes__item">
        <input class="govuk-checkboxes__input" id="confirmation-2" name="confirmation" type="checkbox" value="other" data-testid="other-checkbox">
        <label class="govuk-label govuk-checkboxes__label" for="confirmation-2">
          I am submitting this form on behalf of someone else and confirm all the information given is correct to the best of my knowledge
        </label>
      </div>
    </div>
  </fieldset>
</div>

            <button type="submit" class="govuk-button" data-module="govuk-button" id="continue-button">
  Continue
</button>
        </div>
      </div>
    </form>
        "
`;

exports[`#CheckAnswers Should redirect correctly when there is no error: email-content 1`] = `
"# Movement origin

---
## Are you moving the animals on or off your farm or premises?
On to the farm or premises
## What type of premises are the animals moving off?
Market
# Movement destination

---
## Where are the animals going to?
TB restricted farm
## What is the County Parish Holding (CPH) number of the farm or premises where the animals are going to?
12/345/6789
## What is the address of the farm or premises where the animals are going to?
Starfleet Headquarters
San Francisco
RG24 8RR
## Enter the maximum number of animals you are planning to move
1
## What is the reason for the movement?
Routine restocking
## Will you move more than 75 animals?
No
## Will the number of cattle be larger than half of the destination herd size?
Yes
# Receiving the licence

---
## Who will be the registered owner of the cattle?
Kathryn Janeway
## How would you like this licence sent to you?
Email
## What email address would you like the licence sent to?
kathryn@starfleet.com
# Biosecurity details

---
## Will you separate the incoming cattle from the resident herd?
Yes
## Will the incoming cattle be grazed?
Yes
## How will you separate the incoming cattle from the resident herd?
some details
## How long ago was the field last grazed by cattle?
yesterday
## Has any manure or slurry been put on the grazing field in the past 60 days?
Yes
## How will you manage manure and slurry?
some manure details
## Will the incoming cattle be housed?
Yes
## How will you minimise the risk from buildings and equipment used for the incoming cattle and any other cattle?
somehow
## What measures are staff taking to reduce the risk of spreading TB from the resident cattle?
ppe
## What disinfectant are you using?
some disinfectant
## What dilution rate are you using for your disinfectant?
15
## How will you reduce the risk of infection from badgers and wildlife?
some text
# Biosecurity map

---
## Upload a biosecurity map
"
`;

exports[`#CheckAnswers Should send email and redirect correctly when only \`confirm\` present: email-content 1`] = `
"# Movement origin

---
## Are you moving the animals on or off your farm or premises?
On to the farm or premises
## What type of premises are the animals moving off?
Market
# Movement destination

---
## Where are the animals going to?
TB restricted farm
## What is the County Parish Holding (CPH) number of the farm or premises where the animals are going to?
12/345/6789
## What is the address of the farm or premises where the animals are going to?
Starfleet Headquarters
San Francisco
RG24 8RR
## Enter the maximum number of animals you are planning to move
1
## What is the reason for the movement?
Routine restocking
## Will you move more than 75 animals?
No
## Will the number of cattle be larger than half of the destination herd size?
Yes
# Receiving the licence

---
## Who will be the registered owner of the cattle?
Kathryn Janeway
## How would you like this licence sent to you?
Email
## What email address would you like the licence sent to?
kathryn@starfleet.com
# Biosecurity details

---
## Will you separate the incoming cattle from the resident herd?
Yes
## Will the incoming cattle be grazed?
Yes
## How will you separate the incoming cattle from the resident herd?
some details
## How long ago was the field last grazed by cattle?
yesterday
## Has any manure or slurry been put on the grazing field in the past 60 days?
Yes
## How will you manage manure and slurry?
some manure details
## Will the incoming cattle be housed?
Yes
## How will you minimise the risk from buildings and equipment used for the incoming cattle and any other cattle?
somehow
## What measures are staff taking to reduce the risk of spreading TB from the resident cattle?
ppe
## What disinfectant are you using?
some disinfectant
## What dilution rate are you using for your disinfectant?
15
## How will you reduce the risk of infection from badgers and wildlife?
some text
# Biosecurity map

---
## Upload a biosecurity map
"
`;

exports[`#CheckAnswers Should send email and redirect correctly when only \`other\` present: email-content 1`] = `
"# Movement origin

---
## Are you moving the animals on or off your farm or premises?
On to the farm or premises
## What type of premises are the animals moving off?
Market
# Movement destination

---
## Where are the animals going to?
TB restricted farm
## What is the County Parish Holding (CPH) number of the farm or premises where the animals are going to?
12/345/6789
## What is the address of the farm or premises where the animals are going to?
Starfleet Headquarters
San Francisco
RG24 8RR
## Enter the maximum number of animals you are planning to move
1
## What is the reason for the movement?
Routine restocking
## Will you move more than 75 animals?
No
## Will the number of cattle be larger than half of the destination herd size?
Yes
# Receiving the licence

---
## Who will be the registered owner of the cattle?
Kathryn Janeway
## How would you like this licence sent to you?
Email
## What email address would you like the licence sent to?
kathryn@starfleet.com
# Biosecurity details

---
## Will you separate the incoming cattle from the resident herd?
Yes
## Will the incoming cattle be grazed?
Yes
## How will you separate the incoming cattle from the resident herd?
some details
## How long ago was the field last grazed by cattle?
yesterday
## Has any manure or slurry been put on the grazing field in the past 60 days?
Yes
## How will you manage manure and slurry?
some manure details
## Will the incoming cattle be housed?
Yes
## How will you minimise the risk from buildings and equipment used for the incoming cattle and any other cattle?
somehow
## What measures are staff taking to reduce the risk of spreading TB from the resident cattle?
ppe
## What disinfectant are you using?
some disinfectant
## What dilution rate are you using for your disinfectant?
15
## How will you reduce the risk of infection from badgers and wildlife?
some text
# Biosecurity map

---
## Upload a biosecurity map
"
`;

exports[`#CheckAnswers should error if email fails ot send for whatever reason: email-content 1`] = `
"# Movement origin

---
## Are you moving the animals on or off your farm or premises?
On to the farm or premises
## What type of premises are the animals moving off?
Market
# Movement destination

---
## Where are the animals going to?
TB restricted farm
## What is the County Parish Holding (CPH) number of the farm or premises where the animals are going to?
12/345/6789
## What is the address of the farm or premises where the animals are going to?
Starfleet Headquarters
San Francisco
RG24 8RR
## Enter the maximum number of animals you are planning to move
1
## What is the reason for the movement?
Routine restocking
## Will you move more than 75 animals?
No
## Will the number of cattle be larger than half of the destination herd size?
Yes
# Receiving the licence

---
## Who will be the registered owner of the cattle?
Kathryn Janeway
## How would you like this licence sent to you?
Email
## What email address would you like the licence sent to?
kathryn@starfleet.com
# Biosecurity details

---
## Will you separate the incoming cattle from the resident herd?
Yes
## Will the incoming cattle be grazed?
Yes
## How will you separate the incoming cattle from the resident herd?
some details
## How long ago was the field last grazed by cattle?
yesterday
## Has any manure or slurry been put on the grazing field in the past 60 days?
Yes
## How will you manage manure and slurry?
some manure details
## Will the incoming cattle be housed?
Yes
## How will you minimise the risk from buildings and equipment used for the incoming cattle and any other cattle?
somehow
## What measures are staff taking to reduce the risk of spreading TB from the resident cattle?
ppe
## What disinfectant are you using?
some disinfectant
## What dilution rate are you using for your disinfectant?
15
## How will you reduce the risk of infection from badgers and wildlife?
some text
# Biosecurity map

---
## Upload a biosecurity map
"
`;

exports[`#CheckAnswers should send email in correct format for flag enabled: email-content-biosec-enabled 1`] = `
"# Movement origin

---
## Are you moving the animals on or off your farm or premises?
On to the farm or premises
## What type of premises are the animals moving off?
Market
# Movement destination

---
## Where are the animals going to?
TB restricted farm
## What is the County Parish Holding (CPH) number of the farm or premises where the animals are going to?
12/345/6789
## What is the address of the farm or premises where the animals are going to?
Starfleet Headquarters
San Francisco
RG24 8RR
## Enter the maximum number of animals you are planning to move
1
## What is the reason for the movement?
Routine restocking
## Will you move more than 75 animals?
No
## Will the number of cattle be larger than half of the destination herd size?
Yes
# Receiving the licence

---
## Who will be the registered owner of the cattle?
Kathryn Janeway
## How would you like this licence sent to you?
Email
## What email address would you like the licence sent to?
kathryn@starfleet.com
# Biosecurity details

---
## Will you separate the incoming cattle from the resident herd?
Yes
## Will the incoming cattle be grazed?
Yes
## How will you separate the incoming cattle from the resident herd?
some details
## How long ago was the field last grazed by cattle?
yesterday
## Has any manure or slurry been put on the grazing field in the past 60 days?
Yes
## How will you manage manure and slurry?
some manure details
## Will the incoming cattle be housed?
Yes
## How will you minimise the risk from buildings and equipment used for the incoming cattle and any other cattle?
somehow
## What measures are staff taking to reduce the risk of spreading TB from the resident cattle?
ppe
## What disinfectant are you using?
some disinfectant
## What dilution rate are you using for your disinfectant?
15
## How will you reduce the risk of infection from badgers and wildlife?
some text
# Biosecurity map

---
## Upload a biosecurity map
"
`;

exports[`#CheckAnswers should send email in correct format: email-content-biosec-disabled 1`] = `
"## Are you moving the animals on or off your farm or premises?
Off the farm or premises
## What type of premises are the animals moving off?
Approved finishing unit (AFU)
## What is the County Parish Holding (CPH) number of your farm or premises where the animals are moving off?
12/345/6789
## What is the address of your farm or premises where the animals are moving off?
Starfleet Headquarters
San Francisco
RG24 8RR
## Where are the animals going to?
Slaughter
## What is the name of the registered owner of the cattle?
Kathryn Janeway
## How would you like this licence sent to you?
Email
## What email address would you like the licence sent to?
kathryn@starfleet.com"
`;
