// Jest Snapshot v1, https://goo.gl/fbAQLP

exports[`Application.applicationData should render application data in the datastructure expected 1`] = `
{
  "journeyId": "TEST_APPLICATION",
  "journeyVersion": {
    "major": 1,
    "minor": 1,
  },
  "sections": [
    {
      "questionAnswers": [
        {
          "answer": {
            "displayText": "On to the farm or premises",
            "type": "text",
            "value": "on",
          },
          "question": "Are you moving the animals on or off your farm or premises?",
          "questionKey": "onOffFarm",
        },
        {
          "answer": {
            "displayText": "TB restricted farm",
            "type": "text",
            "value": "tb-restricted-farm",
          },
          "question": "Which type of premises are the animals moving off?",
          "questionKey": "originType",
        },
        {
          "answer": {
            "displayText": "12/345/6789",
            "type": "text",
            "value": "12/345/6789",
          },
          "question": "What is the county parish holding (CPH) number of the farm or premises where the animals are moving off?",
          "questionKey": "cphNumber",
        },
        {
          "answer": {
            "displayText": "Starfleet Headquarters
San Francisco
RG24 8RR",
            "type": "address",
            "value": {
              "addressLine1": "Starfleet Headquarters",
              "addressPostcode": "RG24 8RR",
              "addressTown": "San Francisco",
            },
          },
          "question": "What is the address of the farm or premises where the animals are moving off?",
          "questionKey": "address",
        },
      ],
      "sectionKey": "origin",
      "title": "Movement origin",
    },
    {
      "questionAnswers": [
        {
          "answer": {
            "displayText": "TB restricted farm",
            "type": "text",
            "value": "tb-restricted-farm",
          },
          "question": "Where are the animals going to?",
          "questionKey": "destinationType",
        },
        {
          "answer": {
            "displayText": "12/345/6789",
            "type": "text",
            "value": "12/345/6789",
          },
          "question": "What is the county parish holding (CPH) number of the farm or premises where the animals are going to?",
          "questionKey": "destinationFarmCph",
        },
        {
          "answer": {
            "displayText": "Starfleet Headquarters
San Francisco
RG24 8RR",
            "type": "address",
            "value": {
              "addressLine1": "Starfleet Headquarters",
              "addressPostcode": "RG24 8RR",
              "addressTown": "San Francisco",
            },
          },
          "question": "What is the address of the farm or premises where the animals are going to?",
          "questionKey": "destinationFarmAddress",
        },
        {
          "answer": {
            "displayText": "1",
            "type": "text",
            "value": "1",
          },
          "question": "How many animals are you planning to move?",
          "questionKey": "howManyAnimals",
        },
        {
          "answer": {
            "displayText": "Welfare",
            "type": "text",
            "value": "welfare",
          },
          "question": "What is the reason for the movement?",
          "questionKey": "reasonForMovement",
        },
        {
          "answer": {
            "displayText": "",
            "type": "text",
            "value": "",
          },
          "question": "Enter any additional information (optional)",
          "questionKey": "additionalInfo",
        },
      ],
      "sectionKey": "destination",
      "title": "Movement destination",
    },
  ],
}
`;
