// Jest Snapshot v1, https://goo.gl/fbAQLP

exports[`AnimalsOnPremisesPage content should render expected response and content 1`] = `
"
    <form method="POST" novalidate="">
      <div class="govuk-grid-row">
        <div class="govuk-grid-column-two-thirds">
          <input type="hidden" name="crumb" value="csrf-value">
          <input type="hidden" name="nextPage" value="">

<fieldset class="govuk-fieldset">
  <div class="govuk-form-group">
  <h1 class="govuk-label-wrapper">
    <label class="govuk-label govuk-label--l" for="animalsOnPremises">
      What animals are on the premises?
    </label>
  </h1>
  <textarea class="govuk-textarea" id="animalsOnPremises" name="animalsOnPremises" rows="4" spellcheck="false"></textarea>
</div>


</fieldset>
            <button type="submit" data-prevent-double-click="true" class="govuk-button" data-module="govuk-button" id="continue-button">
  Continue
</button>
        </div>
      </div>
    </form>
        "
`;
