// Jest Snapshot v1, https://goo.gl/fbAQLP

exports[`#biosecuritySummaryPage.content should render the expected content 1`] = `
"
  <div class="govuk-grid-row">
    <div class="govuk-grid-column-two-thirds">
      <h1 class="govuk-heading-l">Check your answers before you continue your application</h1>
    </div>
  </div>
    <form method="POST" novalidate="">
      <div class="govuk-grid-row">
        <div class="govuk-grid-column-two-thirds">
          <input type="hidden" name="crumb" value="csrf-value">
          <input type="hidden" name="nextPage" value="">
  
  <dl class="govuk-summary-list govuk-!-margin-bottom-9">
  <div class="govuk-summary-list__row">
    <dt class="govuk-summary-list__key govuk-!-width-one-half govuk-!-font-weight-regular">
      Will you separate the incoming animals from the resident herd?
    </dt>
    <dd class="govuk-summary-list__value">
      Yes
    </dd>
    <dd class="govuk-summary-list__actions">
      <a class="govuk-link" href="/biosecurity/kept-separately?redirect_uri=/biosecurity/check-answers" data-testid="keptSeparately-change-link">Change<span class="govuk-visually-hidden"> Will you separate the incoming animals from the resident herd?</span></a>
    </dd>
  </div>
  <div class="govuk-summary-list__row">
    <dt class="govuk-summary-list__key govuk-!-width-one-half govuk-!-font-weight-regular">
      Will the incoming animals be grazed?
    </dt>
    <dd class="govuk-summary-list__value">
      Yes
    </dd>
    <dd class="govuk-summary-list__actions">
      <a class="govuk-link" href="/biosecurity/grazing?redirect_uri=/biosecurity/check-answers" data-testid="grazing-change-link">Change<span class="govuk-visually-hidden"> Will the incoming animals be grazed?</span></a>
    </dd>
  </div>
  <div class="govuk-summary-list__row">
    <dt class="govuk-summary-list__key govuk-!-width-one-half govuk-!-font-weight-regular">
      How long ago was the field last grazed by the resident herd?
    </dt>
    <dd class="govuk-summary-list__value">
      yesterday
    </dd>
    <dd class="govuk-summary-list__actions">
      <a class="govuk-link" href="/biosecurity/last-grazed?redirect_uri=/biosecurity/check-answers" data-testid="lastGrazed-change-link">Change<span class="govuk-visually-hidden"> How long ago was the field last grazed by the resident herd?</span></a>
    </dd>
  </div>
  <div class="govuk-summary-list__row">
    <dt class="govuk-summary-list__key govuk-!-width-one-half govuk-!-font-weight-regular">
      Has any manure or slurry been put on the grazing field in the past 60 days?
    </dt>
    <dd class="govuk-summary-list__value">
      Yes
    </dd>
    <dd class="govuk-summary-list__actions">
      <a class="govuk-link" href="/biosecurity/manure-and-slurry?redirect_uri=/biosecurity/check-answers" data-testid="manureAndSlurry-change-link">Change<span class="govuk-visually-hidden"> Has any manure or slurry been put on the grazing field in the past 60 days?</span></a>
    </dd>
  </div>
  <div class="govuk-summary-list__row">
    <dt class="govuk-summary-list__key govuk-!-width-one-half govuk-!-font-weight-regular">
      Which measures are being taken to reduce the spread of TB when the animals are grazing?
    </dt>
    <dd class="govuk-summary-list__value">
      A minimum of 3 metres will separate the animals
    </dd>
    <dd class="govuk-summary-list__actions">
      <a class="govuk-link" href="/biosecurity/grazing-field-how-separated?redirect_uri=/biosecurity/check-answers" data-testid="grazingFieldHowSeparated-change-link">Change<span class="govuk-visually-hidden"> Which measures are being taken to reduce the spread of TB when the animals are grazing?</span></a>
    </dd>
  </div>
  <div class="govuk-summary-list__row">
    <dt class="govuk-summary-list__key govuk-!-width-one-half govuk-!-font-weight-regular">
      How will you manage slurry and manure?
    </dt>
    <dd class="govuk-summary-list__value">
      Manure and slurry is securely stored so domestic and wild animals can't access it
    </dd>
    <dd class="govuk-summary-list__actions">
      <a class="govuk-link" href="/biosecurity/manure-and-slurry-details?redirect_uri=/biosecurity/check-answers" data-testid="manureAndSlurryDetails-change-link">Change<span class="govuk-visually-hidden"> How will you manage slurry and manure?</span></a>
    </dd>
  </div>
  <div class="govuk-summary-list__row">
    <dt class="govuk-summary-list__key govuk-!-width-one-half govuk-!-font-weight-regular">
      What disinfectant are you using?
    </dt>
    <dd class="govuk-summary-list__value">
      some disinfectant
    </dd>
    <dd class="govuk-summary-list__actions">
      <a class="govuk-link" href="/biosecurity/disinfectant?redirect_uri=/biosecurity/check-answers" data-testid="disinfectant-change-link">Change<span class="govuk-visually-hidden"> What disinfectant are you using?</span></a>
    </dd>
  </div>
  <div class="govuk-summary-list__row">
    <dt class="govuk-summary-list__key govuk-!-width-one-half govuk-!-font-weight-regular">
      Confirmation of the dilution rate
    </dt>
    <dd class="govuk-summary-list__value">
      I confirm a dilution rate of 1:15 is used on the farm or premises
    </dd>
    <dd class="govuk-summary-list__actions">
      <a class="govuk-link" href="/biosecurity/disinfectant-dilution?redirect_uri=/biosecurity/check-answers" data-testid="dilutionRate-change-link">Change<span class="govuk-visually-hidden"> Confirmation of the dilution rate</span></a>
    </dd>
  </div>
  <div class="govuk-summary-list__row">
    <dt class="govuk-summary-list__key govuk-!-width-one-half govuk-!-font-weight-regular">
      Will the incoming animals share any equipment and machinery with the resident herd?
    </dt>
    <dd class="govuk-summary-list__value">
      Yes
    </dd>
    <dd class="govuk-summary-list__actions">
      <a class="govuk-link" href="/biosecurity/equipment-any-shared?redirect_uri=/biosecurity/check-answers" data-testid="equipmentShared-change-link">Change<span class="govuk-visually-hidden"> Will the incoming animals share any equipment and machinery with the resident herd?</span></a>
    </dd>
  </div>
  <div class="govuk-summary-list__row">
    <dt class="govuk-summary-list__key govuk-!-width-one-half govuk-!-font-weight-regular">
      Which measures are in place to clean and disinfect equipment to reduce the risk of spreading TB?
    </dt>
    <dd class="govuk-summary-list__value">
      Designated disinfection points
    </dd>
    <dd class="govuk-summary-list__actions">
      <a class="govuk-link" href="/biosecurity/equipment-how-minimise-contamination?redirect_uri=/biosecurity/check-answers" data-testid="equipmentHowMinimiseContamination-change-link">Change<span class="govuk-visually-hidden"> Which measures are in place to clean and disinfect equipment to reduce the risk of spreading TB?</span></a>
    </dd>
  </div>
  <div class="govuk-summary-list__row">
    <dt class="govuk-summary-list__key govuk-!-width-one-half govuk-!-font-weight-regular">
      Will the incoming animals be housed?
    </dt>
    <dd class="govuk-summary-list__value">
      Yes
    </dd>
    <dd class="govuk-summary-list__actions">
      <a class="govuk-link" href="/biosecurity/buildings-any-shared?redirect_uri=/biosecurity/check-answers" data-testid="animalsHoused-change-link">Change<span class="govuk-visually-hidden"> Will the incoming animals be housed?</span></a>
    </dd>
  </div>
  <div class="govuk-summary-list__row">
    <dt class="govuk-summary-list__key govuk-!-width-one-half govuk-!-font-weight-regular">
      Which measures are being taken to reduce the spread of TB during housing?
    </dt>
    <dd class="govuk-summary-list__value">
      Isolation of incoming animals in a separate building, shed or pen on arrival
    </dd>
    <dd class="govuk-summary-list__actions">
      <a class="govuk-link" href="/biosecurity/buildings-how-minimise-contamination?redirect_uri=/biosecurity/check-answers" data-testid="buildingsHowMinimiseContamination-change-link">Change<span class="govuk-visually-hidden"> Which measures are being taken to reduce the spread of TB during housing?</span></a>
    </dd>
  </div>
  <div class="govuk-summary-list__row">
    <dt class="govuk-summary-list__key govuk-!-width-one-half govuk-!-font-weight-regular">
      Which measures are staff taking to reduce the risk of spreading TB?
    </dt>
    <dd class="govuk-summary-list__value">
      Dedicated clothing and personal protective equipment (PPE)
    </dd>
    <dd class="govuk-summary-list__actions">
      <a class="govuk-link" href="/biosecurity/people-disinfection?redirect_uri=/biosecurity/check-answers" data-testid="peopleDisinfection-change-link">Change<span class="govuk-visually-hidden"> Which measures are staff taking to reduce the risk of spreading TB?</span></a>
    </dd>
  </div>
  <div class="govuk-summary-list__row">
    <dt class="govuk-summary-list__key govuk-!-width-one-half govuk-!-font-weight-regular">
      Which measures are you taking to reduce the risk of infection from wildlife?
    </dt>
    <dd class="govuk-summary-list__value">
      Badger-proof fencing, such as wired fences, solid aluminium sheeted gates and rail fences or retractable electric fences
    </dd>
    <dd class="govuk-summary-list__actions">
      <a class="govuk-link" href="/biosecurity/badgers?redirect_uri=/biosecurity/check-answers" data-testid="badgers-change-link">Change<span class="govuk-visually-hidden"> Which measures are you taking to reduce the risk of infection from wildlife?</span></a>
    </dd>
  </div>
</dl>

            <button type="submit" class="govuk-button" data-module="govuk-button" id="continue-button">
  Continue
</button>
        </div>
      </div>
    </form>
        "
`;
