// Jest Snapshot v1, https://goo.gl/fbAQLP

exports[`#CheckAnswers Should provide expected response 1`] = `
"
  <div class="govuk-grid-row">
    <div class="govuk-grid-column-two-thirds">
      <h1 class="govuk-heading-l">Check your answers before sending your application</h1>
    </div>
  </div>
  <div class="govuk-grid-row">
    <div class="govuk-grid-column-two-thirds">
      <div class="govuk-body" data-testid="app-page-body">
          <h2 class="govuk-heading-m">Movement origin</h2>
          
  <dl class="govuk-summary-list govuk-!-margin-bottom-9">
  <div class="govuk-summary-list__row">
    <dt class="govuk-summary-list__key govuk-!-width-one-half govuk-!-font-weight-regular">
      Are you moving the animals on or off your farm or premises?
    </dt>
    <dd class="govuk-summary-list__value">
      On to the farm or premises
    </dd>
    <dd class="govuk-summary-list__actions">
      <a class="govuk-link" href="/origin/to-or-from-own-premises?redirect_uri=/tb/submit/check-answers" data-testid="onOffFarm-change-link">Change<span class="govuk-visually-hidden"> Are you moving the animals on or off your farm or premises?</span></a>
    </dd>
  </div>
  <div class="govuk-summary-list__row">
    <dt class="govuk-summary-list__key govuk-!-width-one-half govuk-!-font-weight-regular">
      Which type of premises are the animals moving off?
    </dt>
    <dd class="govuk-summary-list__value">
      TB restricted farm
    </dd>
    <dd class="govuk-summary-list__actions">
      <a class="govuk-link" href="/origin/type-of-origin?redirect_uri=/tb/submit/check-answers" data-testid="originType-change-link">Change<span class="govuk-visually-hidden"> Which type of premises are the animals moving off?</span></a>
    </dd>
  </div>
  <div class="govuk-summary-list__row">
    <dt class="govuk-summary-list__key govuk-!-width-one-half govuk-!-font-weight-regular">
      What is the county parish holding (CPH) number of the farm or premises where the animals are moving off?
    </dt>
    <dd class="govuk-summary-list__value">
      12/345/6789
    </dd>
    <dd class="govuk-summary-list__actions">
      <a class="govuk-link" href="/origin/origin-farm-cph?redirect_uri=/tb/submit/check-answers" data-testid="cphNumber-change-link">Change<span class="govuk-visually-hidden"> What is the county parish holding (CPH) number of the farm or premises where the animals are moving off?</span></a>
    </dd>
  </div>
  <div class="govuk-summary-list__row">
    <dt class="govuk-summary-list__key govuk-!-width-one-half govuk-!-font-weight-regular">
      What is the address of the farm or premises where the animals are moving off?
    </dt>
    <dd class="govuk-summary-list__value">
      Starfleet Headquarters<br>San Francisco<br>RG24 8RR
    </dd>
    <dd class="govuk-summary-list__actions">
      <a class="govuk-link" href="/origin/origin-farm-address?redirect_uri=/tb/submit/check-answers" data-testid="address-change-link">Change<span class="govuk-visually-hidden"> What is the address of the farm or premises where the animals are moving off?</span></a>
    </dd>
  </div>
</dl>

          <h2 class="govuk-heading-m">Movement destination</h2>
          
  <dl class="govuk-summary-list govuk-!-margin-bottom-9">
  <div class="govuk-summary-list__row">
    <dt class="govuk-summary-list__key govuk-!-width-one-half govuk-!-font-weight-regular">
      Where are the animals going to?
    </dt>
    <dd class="govuk-summary-list__value">
      TB restricted farm
    </dd>
    <dd class="govuk-summary-list__actions">
      <a class="govuk-link" href="/destination/type-of-destination?redirect_uri=/tb/submit/check-answers" data-testid="destinationType-change-link">Change<span class="govuk-visually-hidden"> Where are the animals going to?</span></a>
    </dd>
  </div>
  <div class="govuk-summary-list__row">
    <dt class="govuk-summary-list__key govuk-!-width-one-half govuk-!-font-weight-regular">
      What is the county parish holding (CPH) number of the farm or premises where the animals are going to?
    </dt>
    <dd class="govuk-summary-list__value">
      12/345/6789
    </dd>
    <dd class="govuk-summary-list__actions">
      <a class="govuk-link" href="/destination/destination-farm-cph?redirect_uri=/tb/submit/check-answers" data-testid="destinationFarmCph-change-link">Change<span class="govuk-visually-hidden"> What is the county parish holding (CPH) number of the farm or premises where the animals are going to?</span></a>
    </dd>
  </div>
  <div class="govuk-summary-list__row">
    <dt class="govuk-summary-list__key govuk-!-width-one-half govuk-!-font-weight-regular">
      What is the address of the farm or premises where the animals are going to?
    </dt>
    <dd class="govuk-summary-list__value">
      Starfleet Headquarters<br>San Francisco<br>RG24 8RR
    </dd>
    <dd class="govuk-summary-list__actions">
      <a class="govuk-link" href="/destination/destination-farm-address?redirect_uri=/tb/submit/check-answers" data-testid="destinationFarmAddress-change-link">Change<span class="govuk-visually-hidden"> What is the address of the farm or premises where the animals are going to?</span></a>
    </dd>
  </div>
  <div class="govuk-summary-list__row">
    <dt class="govuk-summary-list__key govuk-!-width-one-half govuk-!-font-weight-regular">
      How many animals are you planning to move?
    </dt>
    <dd class="govuk-summary-list__value">
      1
    </dd>
    <dd class="govuk-summary-list__actions">
      <a class="govuk-link" href="/destination/how-many-animals?redirect_uri=/tb/submit/check-answers" data-testid="howManyAnimals-change-link">Change<span class="govuk-visually-hidden"> How many animals are you planning to move?</span></a>
    </dd>
  </div>
  <div class="govuk-summary-list__row">
    <dt class="govuk-summary-list__key govuk-!-width-one-half govuk-!-font-weight-regular">
      What is the reason for the movement?
    </dt>
    <dd class="govuk-summary-list__value">
      Welfare
    </dd>
    <dd class="govuk-summary-list__actions">
      <a class="govuk-link" href="/destination/reason-for-movement?redirect_uri=/tb/submit/check-answers" data-testid="reasonForMovement-change-link">Change<span class="govuk-visually-hidden"> What is the reason for the movement?</span></a>
    </dd>
  </div>
  <div class="govuk-summary-list__row">
    <dt class="govuk-summary-list__key govuk-!-width-one-half govuk-!-font-weight-regular">
      Enter any additional information (optional)
    </dt>
    <dd class="govuk-summary-list__value">
      
    </dd>
    <dd class="govuk-summary-list__actions">
      <a class="govuk-link" href="/destination/any-additional-info?redirect_uri=/tb/submit/check-answers" data-testid="additionalInfo-change-link">Change<span class="govuk-visually-hidden"> Enter any additional information (optional)</span></a>
    </dd>
  </div>
</dl>

          <h2 class="govuk-heading-m">Receiving the licence</h2>
          
  <dl class="govuk-summary-list govuk-!-margin-bottom-9">
  <div class="govuk-summary-list__row">
    <dt class="govuk-summary-list__key govuk-!-width-one-half govuk-!-font-weight-regular">
      Who will be the registered owner of the animals?
    </dt>
    <dd class="govuk-summary-list__value">
      Kathryn Janeway
    </dd>
    <dd class="govuk-summary-list__actions">
      <a class="govuk-link" href="/receiving-the-licence/licence-name-future?redirect_uri=/tb/submit/check-answers" data-testid="fullName-change-link">Change<span class="govuk-visually-hidden"> Who will be the registered owner of the animals?</span></a>
    </dd>
  </div>
  <div class="govuk-summary-list__row">
    <dt class="govuk-summary-list__key govuk-!-width-one-half govuk-!-font-weight-regular">
      What email address would you like the licence sent to?
    </dt>
    <dd class="govuk-summary-list__value">
      kathryn@starfleet.com
    </dd>
    <dd class="govuk-summary-list__actions">
      <a class="govuk-link" href="/receiving-the-licence/licence-enter-email-address?redirect_uri=/tb/submit/check-answers" data-testid="emailAddress-change-link">Change<span class="govuk-visually-hidden"> What email address would you like the licence sent to?</span></a>
    </dd>
  </div>
</dl>

          <h2 class="govuk-heading-m">Animal identification</h2>
          
  <dl class="govuk-summary-list govuk-!-margin-bottom-9">
  <div class="govuk-summary-list__row">
    <dt class="govuk-summary-list__key govuk-!-width-one-half govuk-!-font-weight-regular">
      Will you move any calves under 42 days old?
    </dt>
    <dd class="govuk-summary-list__value">
      No
    </dd>
    <dd class="govuk-summary-list__actions">
      <a class="govuk-link" href="/identification/any-calves?redirect_uri=/tb/submit/check-answers" data-testid="calvesUnder42DaysOld-change-link">Change<span class="govuk-visually-hidden"> Will you move any calves under 42 days old?</span></a>
    </dd>
  </div>
  <div class="govuk-summary-list__row">
    <dt class="govuk-summary-list__key govuk-!-width-one-half govuk-!-font-weight-regular">
      What are the dates of the last TB tests for the animals that are 42 days old or older?
    </dt>
    <dd class="govuk-summary-list__value">
      01/01/2025
    </dd>
    <dd class="govuk-summary-list__actions">
      <a class="govuk-link" href="/identification/enter-testing-dates?redirect_uri=/tb/submit/check-answers" data-testid="testingDates-change-link">Change<span class="govuk-visually-hidden"> What are the dates of the last TB tests for the animals that are 42 days old or older?</span></a>
    </dd>
  </div>
  <div class="govuk-summary-list__row">
    <dt class="govuk-summary-list__key govuk-!-width-one-half govuk-!-font-weight-regular">
      Enter the ear tag numbers for these animals
    </dt>
    <dd class="govuk-summary-list__value">
      123456
    </dd>
    <dd class="govuk-summary-list__actions">
      <a class="govuk-link" href="/identification/enter-ear-tags-over-42-days?redirect_uri=/tb/submit/check-answers" data-testid="earTags-change-link">Change<span class="govuk-visually-hidden"> Enter the ear tag numbers for these animals</span></a>
    </dd>
  </div>
</dl>

          <h2 class="govuk-heading-m">Biosecurity details</h2>
          
  <dl class="govuk-summary-list govuk-!-margin-bottom-9">
  <div class="govuk-summary-list__row">
    <dt class="govuk-summary-list__key govuk-!-width-one-half govuk-!-font-weight-regular">
      Will you separate the incoming animals from the resident herd?
    </dt>
    <dd class="govuk-summary-list__value">
      Yes
    </dd>
    <dd class="govuk-summary-list__actions">
      <a class="govuk-link" href="/biosecurity/kept-separately?redirect_uri=/tb/submit/check-answers" data-testid="keptSeparately-change-link">Change<span class="govuk-visually-hidden"> Will you separate the incoming animals from the resident herd?</span></a>
    </dd>
  </div>
  <div class="govuk-summary-list__row">
    <dt class="govuk-summary-list__key govuk-!-width-one-half govuk-!-font-weight-regular">
      Will the incoming animals be grazed?
    </dt>
    <dd class="govuk-summary-list__value">
      Yes
    </dd>
    <dd class="govuk-summary-list__actions">
      <a class="govuk-link" href="/biosecurity/grazing?redirect_uri=/tb/submit/check-answers" data-testid="grazing-change-link">Change<span class="govuk-visually-hidden"> Will the incoming animals be grazed?</span></a>
    </dd>
  </div>
  <div class="govuk-summary-list__row">
    <dt class="govuk-summary-list__key govuk-!-width-one-half govuk-!-font-weight-regular">
      Which measures are being taken to reduce the spread of TB when the animals are grazing?
    </dt>
    <dd class="govuk-summary-list__value">
      A minimum of 3 metres will separate the animals
    </dd>
    <dd class="govuk-summary-list__actions">
      <a class="govuk-link" href="/biosecurity/grazing-field-how-separated?redirect_uri=/tb/submit/check-answers" data-testid="grazingFieldHowSeparated-change-link">Change<span class="govuk-visually-hidden"> Which measures are being taken to reduce the spread of TB when the animals are grazing?</span></a>
    </dd>
  </div>
  <div class="govuk-summary-list__row">
    <dt class="govuk-summary-list__key govuk-!-width-one-half govuk-!-font-weight-regular">
      How long ago was the field last grazed by the resident herd?
    </dt>
    <dd class="govuk-summary-list__value">
      yesterday
    </dd>
    <dd class="govuk-summary-list__actions">
      <a class="govuk-link" href="/biosecurity/last-grazed?redirect_uri=/tb/submit/check-answers" data-testid="lastGrazed-change-link">Change<span class="govuk-visually-hidden"> How long ago was the field last grazed by the resident herd?</span></a>
    </dd>
  </div>
  <div class="govuk-summary-list__row">
    <dt class="govuk-summary-list__key govuk-!-width-one-half govuk-!-font-weight-regular">
      Has any manure or slurry been put on the grazing field in the past 60 days?
    </dt>
    <dd class="govuk-summary-list__value">
      Yes
    </dd>
    <dd class="govuk-summary-list__actions">
      <a class="govuk-link" href="/biosecurity/manure-and-slurry?redirect_uri=/tb/submit/check-answers" data-testid="manureAndSlurry-change-link">Change<span class="govuk-visually-hidden"> Has any manure or slurry been put on the grazing field in the past 60 days?</span></a>
    </dd>
  </div>
  <div class="govuk-summary-list__row">
    <dt class="govuk-summary-list__key govuk-!-width-one-half govuk-!-font-weight-regular">
      How will you manage manure and slurry?
    </dt>
    <dd class="govuk-summary-list__value">
      some manure details
    </dd>
    <dd class="govuk-summary-list__actions">
      <a class="govuk-link" href="/biosecurity/manure-and-slurry-details?redirect_uri=/tb/submit/check-answers" data-testid="manureAndSlurryDetails-change-link">Change<span class="govuk-visually-hidden"> How will you manage manure and slurry?</span></a>
    </dd>
  </div>
  <div class="govuk-summary-list__row">
    <dt class="govuk-summary-list__key govuk-!-width-one-half govuk-!-font-weight-regular">
      What disinfectant are you using?
    </dt>
    <dd class="govuk-summary-list__value">
      some disinfectant
    </dd>
    <dd class="govuk-summary-list__actions">
      <a class="govuk-link" href="/biosecurity/disinfectant?redirect_uri=/tb/submit/check-answers" data-testid="disinfectant-change-link">Change<span class="govuk-visually-hidden"> What disinfectant are you using?</span></a>
    </dd>
  </div>
  <div class="govuk-summary-list__row">
    <dt class="govuk-summary-list__key govuk-!-width-one-half govuk-!-font-weight-regular">
      Confirmation of the dilution rate
    </dt>
    <dd class="govuk-summary-list__value">
      I confirm a dilution rate of 1:15 is used on the farm or premises
    </dd>
    <dd class="govuk-summary-list__actions">
      <a class="govuk-link" href="/biosecurity/disinfectant-dilution?redirect_uri=/tb/submit/check-answers" data-testid="dilutionRate-change-link">Change<span class="govuk-visually-hidden"> Confirmation of the dilution rate</span></a>
    </dd>
  </div>
  <div class="govuk-summary-list__row">
    <dt class="govuk-summary-list__key govuk-!-width-one-half govuk-!-font-weight-regular">
      Will the incoming animals be housed?
    </dt>
    <dd class="govuk-summary-list__value">
      Yes
    </dd>
    <dd class="govuk-summary-list__actions">
      <a class="govuk-link" href="/biosecurity/buildings-any-shared?redirect_uri=/tb/submit/check-answers" data-testid="animalsHoused-change-link">Change<span class="govuk-visually-hidden"> Will the incoming animals be housed?</span></a>
    </dd>
  </div>
  <div class="govuk-summary-list__row">
    <dt class="govuk-summary-list__key govuk-!-width-one-half govuk-!-font-weight-regular">
      How will you reduce the risk of spreading TB from the resident herd to the incoming animals during housing?
    </dt>
    <dd class="govuk-summary-list__value">
      somehow
    </dd>
    <dd class="govuk-summary-list__actions">
      <a class="govuk-link" href="/biosecurity/buildings-how-minimise-contamination?redirect_uri=/tb/submit/check-answers" data-testid="buildingsHowMinimiseContamination-change-link">Change<span class="govuk-visually-hidden"> How will you reduce the risk of spreading TB from the resident herd to the incoming animals during housing?</span></a>
    </dd>
  </div>
  <div class="govuk-summary-list__row">
    <dt class="govuk-summary-list__key govuk-!-width-one-half govuk-!-font-weight-regular">
      Will the incoming animals share any equipment and machinery with the resident herd?
    </dt>
    <dd class="govuk-summary-list__value">
      Yes
    </dd>
    <dd class="govuk-summary-list__actions">
      <a class="govuk-link" href="/biosecurity/equipment-any-shared?redirect_uri=/tb/submit/check-answers" data-testid="equipmentShared-change-link">Change<span class="govuk-visually-hidden"> Will the incoming animals share any equipment and machinery with the resident herd?</span></a>
    </dd>
  </div>
  <div class="govuk-summary-list__row">
    <dt class="govuk-summary-list__key govuk-!-width-one-half govuk-!-font-weight-regular">
      Which measures are in place to clean and disinfect equipment to reduce the risk of spreading TB?
    </dt>
    <dd class="govuk-summary-list__value">
      Designated disinfection points
    </dd>
    <dd class="govuk-summary-list__actions">
      <a class="govuk-link" href="/biosecurity/equipment-how-minimise-contamination?redirect_uri=/tb/submit/check-answers" data-testid="equipmentHowMinimiseContamination-change-link">Change<span class="govuk-visually-hidden"> Which measures are in place to clean and disinfect equipment to reduce the risk of spreading TB?</span></a>
    </dd>
  </div>
  <div class="govuk-summary-list__row">
    <dt class="govuk-summary-list__key govuk-!-width-one-half govuk-!-font-weight-regular">
      Which measures are staff taking to reduce the risk of spreading TB?
    </dt>
    <dd class="govuk-summary-list__value">
      Dedicated clothing and personal protective equipment (PPE)
    </dd>
    <dd class="govuk-summary-list__actions">
      <a class="govuk-link" href="/biosecurity/people-disinfection?redirect_uri=/tb/submit/check-answers" data-testid="peopleDisinfection-change-link">Change<span class="govuk-visually-hidden"> Which measures are staff taking to reduce the risk of spreading TB?</span></a>
    </dd>
  </div>
  <div class="govuk-summary-list__row">
    <dt class="govuk-summary-list__key govuk-!-width-one-half govuk-!-font-weight-regular">
      Which measures are you taking to reduce the risk of infection from wildlife?
    </dt>
    <dd class="govuk-summary-list__value">
      Badger-proof fencing, such as wired fences, solid aluminium sheeted gates and rail fences or retractable electric fences
    </dd>
    <dd class="govuk-summary-list__actions">
      <a class="govuk-link" href="/biosecurity/badgers?redirect_uri=/tb/submit/check-answers" data-testid="badgers-change-link">Change<span class="govuk-visually-hidden"> Which measures are you taking to reduce the risk of infection from wildlife?</span></a>
    </dd>
  </div>
</dl>

          <h2 class="govuk-heading-m">Biosecurity map</h2>
          
  <dl class="govuk-summary-list govuk-!-margin-bottom-9">
  <div class="govuk-summary-list__row">
    <dt class="govuk-summary-list__key govuk-!-width-one-half govuk-!-font-weight-regular">
      Upload a biosecurity map
    </dt>
    <dd class="govuk-summary-list__value">
      Map uploaded
    </dd>
    <dd class="govuk-summary-list__actions">
      <a class="govuk-link" href="/biosecurity-map/upload-plan?redirect_uri=/tb/submit/check-answers" data-testid="upload-plan-change-link">Change<span class="govuk-visually-hidden"> Upload a biosecurity map</span></a>
    </dd>
  </div>
</dl>

      </div>
    </div>
  </div>
  <h2 class="govuk-heading-m">Your declaration</h2>
    <form method="POST" novalidate="">
      <div class="govuk-grid-row">
        <div class="govuk-grid-column-two-thirds">
          <input type="hidden" name="crumb" value="csrf-value">
          <input type="hidden" name="nextPage" value="">

<div class="govuk-form-group">
  <fieldset class="govuk-fieldset">
    <legend class="govuk-fieldset__legend">
      Before you submit your application, you must select one of the declaration check boxes.
    </legend>
    <div class="govuk-checkboxes" data-module="govuk-checkboxes">
      <div class="govuk-checkboxes__item">
        <input class="govuk-checkboxes__input" id="confirmation" name="confirmation" type="checkbox" value="confirm" data-testid="confirm-checkbox">
        <label class="govuk-label govuk-checkboxes__label" for="confirmation">
          I confirm all the information given about my farm or premises is correct to the best of my knowledge
        </label>
      </div>
      <div class="govuk-checkboxes__item">
        <input class="govuk-checkboxes__input" id="confirmation-2" name="confirmation" type="checkbox" value="other" data-testid="other-checkbox">
        <label class="govuk-label govuk-checkboxes__label" for="confirmation-2">
          I am submitting this form on behalf of someone else and confirm all the information given is correct to the best of my knowledge
        </label>
      </div>
    </div>
  </fieldset>
</div>

            <button type="submit" class="govuk-button" data-module="govuk-button" id="continue-button">
  Continue
</button>
        </div>
      </div>
    </form>
        "
`;
