// Jest Snapshot v1, https://goo.gl/fbAQLP

exports[`OriginAddressPage originAddressPage.content should render expected response and content 1`] = `
"
    <form method="POST" novalidate="">
      <div class="govuk-grid-row">
        <div class="govuk-grid-column-two-thirds">
          <input type="hidden" name="crumb" value="csrf-value">
          <input type="hidden" name="nextPage" value="">

<fieldset class="govuk-fieldset">
  <legend class="govuk-fieldset__legend govuk-fieldset__legend--l">
    <h1 class="govuk-fieldset__heading">
      What is the address of the UK point of entry?
    </h1>
  </legend>
  <div class="govuk-form-group">
  <label class="govuk-label" for="addressLine1">
    Address line 1
  </label>
  <input class="govuk-input" id="addressLine1" name="addressLine1" type="text" autocomplete="address-line1">
</div>


  <div class="govuk-form-group">
  <label class="govuk-label" for="addressLine2">
    Address line 2 (optional)
  </label>
  <input class="govuk-input" id="addressLine2" name="addressLine2" type="text" autocomplete="address-line2">
</div>


  <div class="govuk-form-group">
  <label class="govuk-label" for="addressTown">
    Town or city
  </label>
  <input class="govuk-input govuk-!-width-two-thirds" id="addressTown" name="addressTown" type="text" autocomplete="address-level2">
</div>


  <div class="govuk-form-group">
  <label class="govuk-label" for="addressCounty">
    County (optional)
  </label>
  <input class="govuk-input govuk-!-width-two-thirds" id="addressCounty" name="addressCounty" type="text">
</div>


  <div class="govuk-form-group">
  <label class="govuk-label" for="addressPostcode">
    Postcode
  </label>
  <input class="govuk-input govuk-input--width-10" id="addressPostcode" name="addressPostcode" type="text" autocomplete="postal-code">
</div>


</fieldset>
            <button type="submit" data-prevent-double-click="true" class="govuk-button" data-module="govuk-button" id="continue-button">
  Continue
</button>
        </div>
      </div>
    </form>
        "
`;
