// Jest Snapshot v1, https://goo.gl/fbAQLP

exports[`MovementStartPage content should render expected response and content 1`] = `
"
  <h1 class="govuk-heading-l">Movement dates</h1>
  <div class="govuk-grid-row">
    <div class="govuk-grid-column-two-thirds">
      <p class="govuk-body">
        Licences can take up to 5 working days to be issued.
      </p>
    </div>
  </div>
    <form method="POST" novalidate="">
      <div class="govuk-grid-row">
        <div class="govuk-grid-column-two-thirds">
          <input type="hidden" name="crumb" value="csrf-value">
          <input type="hidden" name="nextPage" value="">

<div class="govuk-form-group">
  <fieldset class="govuk-fieldset" role="group" aria-describedby="date-hint">
    <legend class="govuk-fieldset__legend govuk-fieldset__legend--m">
      What date does your movement start?
    </legend>
    <div id="date-hint" class="govuk-hint">
      For example, 7 3 2025
    </div>
    <div class="govuk-date-input" id="date">
      <div class="govuk-date-input__item">
        <div class="govuk-form-group">
          <label class="govuk-label govuk-date-input__label" for="date-day">
            Day
          </label>
          <input class="govuk-input govuk-date-input__input govuk-input--width-2" id="date-day" name="day" type="text" inputmode="numeric">
        </div>
      </div>
      <div class="govuk-date-input__item">
        <div class="govuk-form-group">
          <label class="govuk-label govuk-date-input__label" for="date-month">
            Month
          </label>
          <input class="govuk-input govuk-date-input__input govuk-input--width-2" id="date-month" name="month" type="text" inputmode="numeric">
        </div>
      </div>
      <div class="govuk-date-input__item">
        <div class="govuk-form-group">
          <label class="govuk-label govuk-date-input__label" for="date-year">
            Year
          </label>
          <input class="govuk-input govuk-date-input__input govuk-input--width-4" id="date-year" name="year" type="text" inputmode="numeric">
        </div>
      </div>
    </div>
  </fieldset>
</div>

            <button type="submit" data-prevent-double-click="true" class="govuk-button" data-module="govuk-button" id="continue-button">
  Continue
</button>
        </div>
      </div>
    </form>
        "
`;
