// Jest Snapshot v1, https://goo.gl/fbAQLP

exports[`TypeOfLocationPage content should render expected response and content 1`] = `
"
    <form method="POST" novalidate="">
      <div class="govuk-grid-row">
        <div class="govuk-grid-column-two-thirds">
          <input type="hidden" name="crumb" value="csrf-value">
          <input type="hidden" name="nextPage" value="">

<div class="govuk-form-group">
  <fieldset class="govuk-fieldset">
    <legend class="govuk-fieldset__legend govuk-fieldset__legend--l">
      <h1 class="govuk-fieldset__heading">
        Where are the animals or products going?
      </h1>
    </legend>
    <div class="govuk-radios" data-module="govuk-radios">
      <div class="govuk-radios__item">
        <input class="govuk-radios__input" id="typeOfLocation" name="typeOfLocation" type="radio" value="slaughter">
        <label class="govuk-label govuk-radios__label" for="typeOfLocation">
          Slaughter
        </label>
      </div>
      <div class="govuk-radios__item">
        <input class="govuk-radios__input" id="farm" name="typeOfLocation" type="radio" value="farm">
        <label class="govuk-label govuk-radios__label" for="farm">
          Farm
        </label>
      </div>
      <div class="govuk-radios__item">
        <input class="govuk-radios__input" id="corporate-holding" name="typeOfLocation" type="radio" value="corporate-holding" aria-describedby="corporate-holding-item-hint">
        <label class="govuk-label govuk-radios__label" for="corporate-holding">
          Corporate holding
        </label>
        <div id="corporate-holding-item-hint" class="govuk-hint govuk-radios__hint">
          Such as a food business or animal feed company
        </div>
      </div>
      <div class="govuk-radios__item">
        <input class="govuk-radios__input" id="domestic-residence" name="typeOfLocation" type="radio" value="domestic-residence">
        <label class="govuk-label govuk-radios__label" for="domestic-residence">
          Domestic residence
        </label>
      </div>
      <div class="govuk-radios__item">
        <input class="govuk-radios__input" id="other" name="typeOfLocation" type="radio" value="other">
        <label class="govuk-label govuk-radios__label" for="other">
          Another location
        </label>
      </div>
    </div>
  </fieldset>
</div>

            <button type="submit" class="govuk-button" data-module="govuk-button" id="continue-button">
  Continue
</button>
        </div>
      </div>
    </form>
        "
`;
