// Jest Snapshot v1, https://goo.gl/fbAQLP

exports[`#exitPageController originExitPage.content should render expected response and content 1`] = `
"
  <div class="govuk-grid-row">
    <div class="govuk-grid-column-two-thirds">
      <h1 class="govuk-heading-l">This service is not available for your movement type</h1>

      <div class="govuk-body" data-testid="app-page-body">
        <p>
          This service is currently only available for movements off your farm
          or premises.
        </p>
        <p>
          You need to complete and
          <a data-testid="view-application-link" href="https://www.gov.uk/government/publications/tb-restricted-cattle-application-for-movement-licence-in-england">
            submit the current application form on GOV.UK </a>.
        </p>
      </div>
    </div>
  </div>
        "
`;
